{
  "data": {
    "create": {
      "id": "9"
    }
  }
}